node.exe : [33mThe CJS build of Vite's Node API is deprecated. See 
https://vite.dev/guide/troubleshooting.html#vite-cjs-node-api-deprecated for more details.[39m
At C:\Program Files\nodejs\npx.ps1:29 char:3
+   & $NODE_EXE $NPX_CLI_JS $args
+   ~~~~~~~~~~~~~~~~~~~~~~~~~~~~~
    + CategoryInfo          : NotSpecified: ([33mThe CJS bu...e details.[39m:String) [], RemoteE 
   xception
    + FullyQualifiedErrorId : NativeCommandError
 
[36mvite v5.4.21 [32mbuilding for production...[36m[39m
transforming...
[32mÔ£ô[39m 3 modules transformed.
[31mx[39m Build failed in 967ms
[31merror during build:
[31m[vite:css] [postcss] It looks like you're trying to use `tailwindcss` directly as a PostCSS 
plugin. The PostCSS plugin has moved to a separate package, so to continue using Tailwind CSS with 
PostCSS you'll need to install `@tailwindcss/postcss` and update your PostCSS configuration.[31m
file: [36mD:/MCA/LeadwalnutAssignment/christ-university-mca-ajingeorge2003/src/main.css:undefined:
NaN[31m
    at ot (D:\MCA\LeadwalnutAssignment\christ-university-mca-ajingeorge2003\node_modules\tailwindcs
s\dist\lib.js:38:1629)
    at LazyResult.runOnRoot (D:\MCA\LeadwalnutAssignment\christ-university-mca-ajingeorge2003\node_
modules\postcss\lib\lazy-result.js:361:16)
    at LazyResult.runAsync (D:\MCA\LeadwalnutAssignment\christ-university-mca-ajingeorge2003\node_m
odules\postcss\lib\lazy-result.js:290:26)
    at LazyResult.async (D:\MCA\LeadwalnutAssignment\christ-university-mca-ajingeorge2003\node_modu
les\postcss\lib\lazy-result.js:192:30)
    at LazyResult.then (D:\MCA\LeadwalnutAssignment\christ-university-mca-ajingeorge2003\node_modul
es\postcss\lib\lazy-result.js:436:17)[39m
